// Jest Snapshot v1, https://goo.gl/fbAQLP

exports[`ResizePane renders 1`] = `
<div
  onClick={[Function]}
  onMouseDown={[Function]}
  onMouseMove={[Function]}
  onMouseUp={[Function]}
  style={
    Object {
      "cursor": "ew-resize",
      "userSelect": "none",
      "width": undefined,
    }
  }
/>
`;
